I (1740) main: GPIO2 PIN set to 1 : LED is ON

I (2238) main: Task 1 completed...

I (2240) main: GPIO2 PIN set to 0 : LED is OFF

I (2738) main: Task 2 completed...

I (2750) main: STATUS of GPIO2: 0

I (2751) main: Task 3 completed...

I (3230) main: GPIO2 PIN set to 1 : LED is ON

I (3728) main: Task 1 completed...

I (3730) main: GPIO2 PIN set to 0 : LED is OFF

I (4228) main: Task 2 completed...

I (4240) main: STATUS of GPIO2: 0

I (4241) main: Task 3 completed...

I (4720) main: GPIO2 PIN set to 1 : LED is ON

I (5218) main: Task 1 completed...

I (5220) main: GPIO2 PIN set to 0 : LED is OFF

I (5718) main: Task 2 completed...

I (5730) main: STATUS of GPIO2: 0

I (5731) main: Task 3 completed...

I (6210) main: GPIO2 PIN set to 1 : LED is ON

I (6708) main: Task 1 completed...

I (6710) main: GPIO2 PIN set to 0 : LED is OFF

I (7208) main: Task 2 completed...

I (7220) main: STATUS of GPIO2: 0

I (7221) main: Task 3 completed...

I (7700) main: GPIO2 PIN set to 1 : LED is ON

I (8198) main: Task 1 completed...

I (8200) main: GPIO2 PIN set to 0 : LED is OFF

I (8698) main: Task 2 completed...

I (8710) main: STATUS of GPIO2: 0

I (8711) main: Task 3 completed...

I (9190) main: GPIO2 PIN set to 1 : LED is ON

I (9688) main: Task 1 completed...

I (9690) main: GPIO2 PIN set to 0 : LED is OFF

I (10189) main: Task 2 completed...

I (10201) main: STATUS of GPIO2: 0

I (10202) main: Task 3 completed...

I (10681) main: GPIO2 PIN set to 1 : LED is ON


 ets Jan  8 2013,rst cause:2, boot mode:(3,6)

load 0x40100000, len 7040, room 16
tail 0
chksum 0xee
load 0x3ffe8408, len 24, room 8
tail 0
chksum 0x67
load 0x3ffe8420, len 3324, room 8
tail 4
chksum 0x47
csum 0x47
I (46) boot: ESP-IDF v3.4-49-g0f200b46 2nd stage bootloader
I (46) boot: compile time 18:24:00
I (46) qio_mode: Enabling default flash chip QIO
I (54) boot: SPI Speed      : 40MHz
I (60) boot: SPI Mode       : QIO
I (66) boot: SPI Flash Size : 2MB
I (73) boot: Partition Table:
I (78) boot: ## Label            Usage          Type ST Offset   Length
I (89) boot:  0 nvs              WiFi data        01 02 00009000 00006000
I (101) boot:  1 phy_init         RF data          01 01 0000f000 00001000
I (112) boot:  2 factory          factory app      00 00 00010000 000f0000
I (124) boot: End of partition table
I (131) esp_image: segment 0: paddr=0x00010010 vaddr=0x40210010 size=0x166e4 ( 91876) map
I (175) esp_image: segment 1: paddr=0x000266fc vaddr=0x402266f4 size=0x05a2c ( 23084) map
I (183) esp_image: segment 2: paddr=0x0002c130 vaddr=0x3ffe8000 size=0x003dc (   988) load
I (186) esp_image: segment 3: paddr=0x0002c514 vaddr=0x40100000 size=0x00080 (   128) load
I (200) esp_image: segment 4: paddr=0x0002c59c vaddr=0x40100080 size=0x04590 ( 17808) load
I (219) boot: Loaded app from partition at offset 0x10000
I (239) gpio: GPIO[2]| InputEn: 0| OutputEn: 1| OpenDrain: 0| Pullup: 0| Pulldown: 0| Intr:0
I (242) main: GPIO2 PIN set to 1 : LED is ON

I (743) main: Task 1 completed...

I (745) main: GPIO2 PIN set to 0 : LED is OFF

I (1243) main: Task 2 completed...

Task            Abs Time       %Time
************************************
uiT             14576           1
Print Status    0               <1
IDLE            0               <1
LED OFF         500118          42
LED ON          503157          43
Tmr Svc         148690          12
I (1273) main: STATUS of GPIO2: 0

I (1274) main: Task 3 completed...

I (1743) main: GPIO2 PIN set to 1 : LED is ON

